// Jest Snapshot v1, https://goo.gl/fbAQLP

exports[`Prueba <GifItem/> debe de hacer match con el snapshot 1`] = `
<div>
  <div
    class="card"
  >
    <img
      alt="One Punch"
      src="https://giphy.com/embed/VXJWhaO7afRe"
    />
    <p>
      One Punch
    </p>
  </div>
</div>
`;
